ASxxxx Linker V05.00,  page 1.
Hexidecimal  [16-Bits]

Area                       Addr        Size        Decimal Bytes (Attributes)
--------------------       ----        ----        ------- ----- ------------
.  .ABS.                   0000        0000 =           0. bytes (ABS,OVR,CSEG)

         Value  Global                             Global Defined In Module
         -----  --------------------------------   ------------------------
          0000  l_PROG                          
          0000  l__DATA                         
          0000  l__CODE                         
          0000  s_PROG                          
          0000  s__DATA                         
          0000  s__CODE                         
          0000  .__.ABS.                           
          FF00  pantalla                           
          FF01  fin                                
          FF02  teclado                            

ASxxxx Linker V05.00,  page 2.
Hexidecimal  [16-Bits]

Area                       Addr        Size        Decimal Bytes (Attributes)
--------------------       ----        ----        ------- ----- ------------
PROG                       0000        0000 =           0. bytes (ABS,OVR,CSEG)

         Value  Global                             Global Defined In Module
         -----  --------------------------------   ------------------------
          0100  ano                                
          0102  mes                                
          0103  dia                                
          0104  nCumples                           
          0105  de                                 
          010A  enero                              
          0110  febrero                            
          0118  marzo                              
          011E  abril                              
          0124  mayo                               
          0129  junio                              
          012F  julio                              
          0135  agosto                             
          013C  septiembre                         
          0147  octubre                            
          014F  noviembre                          
          0159  diciembre                          
          0163  tablames                           
          017B  iA_bucle                           
          017B  imprimeASCII                       
          0184  iA_acabar                          
          0185  imprimeMes                         
          0191  iM_menor10                         
          0199  imprimeBCD                         
          01B5  iBCD_ano                           
          01E1  iBCD_fin                           
          01E2  imprimeDe                          
          01E9  imprimeFecha                       
          01FD  programa                           

ASxxxx Linker V05.00,  page 3.

Files Linked                              [ module(s) ]

imprimirFecha.rel                         [  ]


