ASxxxx Linker V05.00,  page 1.
Hexidecimal  [16-Bits]

Area                       Addr        Size        Decimal Bytes (Attributes)
--------------------       ----        ----        ------- ----- ------------
.  .ABS.                   0000        0000 =           0. bytes (ABS,OVR,CSEG)

         Value  Global                             Global Defined In Module
         -----  --------------------------------   ------------------------
          0000  l_PROG                          
          0000  l__DATA                         
          0000  l__CODE                         
          0000  s_PROG                          
          0000  s__DATA                         
          0000  s__CODE                         
          0000  .__.ABS.                           
          FF00  pantalla                           
          FF01  fin                                
          FF02  teclado                            

ASxxxx Linker V05.00,  page 2.
Hexidecimal  [16-Bits]

Area                       Addr        Size        Decimal Bytes (Attributes)
--------------------       ----        ----        ------- ----- ------------
PROG                       0000        0000 =           0. bytes (ABS,OVR,CSEG)

         Value  Global                             Global Defined In Module
         -----  --------------------------------   ------------------------
          0100  nCumples                           
          0101  daa                                
          0113  daa_ajusteBajo                     
          0117  daa_sinAjusteBajo                  
          0123  daa_ajusteAlto                     
          0129  daa_sinAjusteAlto                  
          0139  suma88                             
          013F  suma816                            
          014B  suma816_carry                      
          014D  suma816_ret                        
          014E  inc8                               
          0156  inc8_ret                           
          0157  inc16                              
          0161  inc16_2000                         
          0163  inc16_ret                          
          0164  programa                           
ASxxxx Linker V05.00,  page 3.

Files Linked                              [ module(s) ]

suma_encar.rel                            [  ]


